// Jest Snapshot v1, https://goo.gl/fbAQLP

exports[`Seo renders consistently 1`] = `<DocumentFragment />`;
