// Jest Snapshot v1, https://goo.gl/fbAQLP

exports[`Index renders consistently 1`] = `
<DocumentFragment>
  <main
    class=""
    id="index"
  />
</DocumentFragment>
`;
